[2026-02-13T10:55:10.423+0000] {manager.py:470} INFO - Processing files using up to 2 processes at a time 
[2026-02-13T10:55:10.424+0000] {manager.py:471} INFO - Process each file at most once every 30 seconds
[2026-02-13T10:55:10.425+0000] {manager.py:472} INFO - Checking for new files in /opt/airflow/dags every 300 seconds
[2026-02-13T10:55:10.426+0000] {manager.py:737} INFO - Searching for files in /opt/airflow/dags
[2026-02-13T10:55:10.429+0000] {manager.py:740} INFO - There are 0 files in /opt/airflow/dags
[2026-02-13T10:56:49.622+0000] {manager.py:452} INFO - Exiting gracefully upon receiving signal 15
[2026-02-13T10:57:18.978+0000] {manager.py:470} INFO - Processing files using up to 2 processes at a time 
[2026-02-13T10:57:18.979+0000] {manager.py:471} INFO - Process each file at most once every 30 seconds
[2026-02-13T10:57:18.980+0000] {manager.py:472} INFO - Checking for new files in /opt/airflow/dags every 300 seconds
[2026-02-13T10:57:18.981+0000] {manager.py:737} INFO - Searching for files in /opt/airflow/dags
[2026-02-13T10:57:18.984+0000] {manager.py:740} INFO - There are 0 files in /opt/airflow/dags
[2026-02-13T11:01:35.815+0000] {manager.py:452} INFO - Exiting gracefully upon receiving signal 15
[2026-02-13T11:02:01.990+0000] {manager.py:470} INFO - Processing files using up to 2 processes at a time 
[2026-02-13T11:02:01.991+0000] {manager.py:471} INFO - Process each file at most once every 30 seconds
[2026-02-13T11:02:01.992+0000] {manager.py:472} INFO - Checking for new files in /opt/airflow/dags every 300 seconds
[2026-02-13T11:02:01.993+0000] {manager.py:737} INFO - Searching for files in /opt/airflow/dags
[2026-02-13T11:02:01.996+0000] {manager.py:740} INFO - There are 0 files in /opt/airflow/dags
[2026-02-13T11:07:02.564+0000] {manager.py:737} INFO - Searching for files in /opt/airflow/dags
[2026-02-13T11:07:02.568+0000] {manager.py:740} INFO - There are 0 files in /opt/airflow/dags
[2026-02-13T11:12:03.455+0000] {manager.py:737} INFO - Searching for files in /opt/airflow/dags
[2026-02-13T11:12:03.459+0000] {manager.py:740} INFO - There are 0 files in /opt/airflow/dags
[2026-02-13T11:17:04.037+0000] {manager.py:737} INFO - Searching for files in /opt/airflow/dags
[2026-02-13T11:17:04.040+0000] {manager.py:740} INFO - There are 0 files in /opt/airflow/dags
[2026-02-13T11:22:04.892+0000] {manager.py:737} INFO - Searching for files in /opt/airflow/dags
[2026-02-13T11:22:04.898+0000] {manager.py:740} INFO - There are 0 files in /opt/airflow/dags
[2026-02-13T11:26:32.483+0000] {manager.py:452} INFO - Exiting gracefully upon receiving signal 15
[2026-02-13T11:27:29.742+0000] {manager.py:470} INFO - Processing files using up to 2 processes at a time 
[2026-02-13T11:27:29.743+0000] {manager.py:471} INFO - Process each file at most once every 30 seconds
[2026-02-13T11:27:29.744+0000] {manager.py:472} INFO - Checking for new files in /opt/airflow/dags every 300 seconds
[2026-02-13T11:27:29.745+0000] {manager.py:737} INFO - Searching for files in /opt/airflow/dags
[2026-02-13T11:27:29.748+0000] {manager.py:740} INFO - There are 0 files in /opt/airflow/dags
[2026-02-13T11:32:30.480+0000] {manager.py:737} INFO - Searching for files in /opt/airflow/dags
[2026-02-13T11:32:30.484+0000] {manager.py:740} INFO - There are 0 files in /opt/airflow/dags
[2026-02-13T11:37:30.748+0000] {manager.py:737} INFO - Searching for files in /opt/airflow/dags
[2026-02-13T11:37:30.751+0000] {manager.py:740} INFO - There are 0 files in /opt/airflow/dags
[2026-02-13T11:42:30.860+0000] {manager.py:737} INFO - Searching for files in /opt/airflow/dags
[2026-02-13T11:42:30.864+0000] {manager.py:740} INFO - There are 0 files in /opt/airflow/dags
[2026-02-13T11:47:31.203+0000] {manager.py:737} INFO - Searching for files in /opt/airflow/dags
[2026-02-13T11:47:31.206+0000] {manager.py:740} INFO - There are 0 files in /opt/airflow/dags
[2026-02-13T11:50:01.099+0000] {manager.py:452} INFO - Exiting gracefully upon receiving signal 15
[2026-02-13T11:51:06.926+0000] {manager.py:470} INFO - Processing files using up to 2 processes at a time 
[2026-02-13T11:51:06.927+0000] {manager.py:471} INFO - Process each file at most once every 30 seconds
[2026-02-13T11:51:06.928+0000] {manager.py:472} INFO - Checking for new files in /opt/airflow/dags every 300 seconds
[2026-02-13T11:51:06.929+0000] {manager.py:737} INFO - Searching for files in /opt/airflow/dags
[2026-02-13T11:51:06.933+0000] {manager.py:740} INFO - There are 0 files in /opt/airflow/dags
[2026-02-13T11:51:32.174+0000] {manager.py:452} INFO - Exiting gracefully upon receiving signal 15
[2026-02-13T11:51:48.615+0000] {manager.py:470} INFO - Processing files using up to 2 processes at a time 
[2026-02-13T11:51:48.615+0000] {manager.py:471} INFO - Process each file at most once every 30 seconds
[2026-02-13T11:51:48.616+0000] {manager.py:472} INFO - Checking for new files in /opt/airflow/dags every 300 seconds
[2026-02-13T11:51:48.617+0000] {manager.py:737} INFO - Searching for files in /opt/airflow/dags
[2026-02-13T11:51:48.620+0000] {manager.py:740} INFO - There are 0 files in /opt/airflow/dags
[2026-02-13T11:52:15.015+0000] {manager.py:452} INFO - Exiting gracefully upon receiving signal 15
[2026-02-13T11:52:56.977+0000] {manager.py:470} INFO - Processing files using up to 2 processes at a time 
[2026-02-13T11:52:56.978+0000] {manager.py:471} INFO - Process each file at most once every 30 seconds
[2026-02-13T11:52:56.979+0000] {manager.py:472} INFO - Checking for new files in /opt/airflow/dags every 300 seconds
[2026-02-13T11:52:56.979+0000] {manager.py:737} INFO - Searching for files in /opt/airflow/dags
[2026-02-13T11:52:56.982+0000] {manager.py:740} INFO - There are 0 files in /opt/airflow/dags
[2026-02-13T11:57:57.007+0000] {manager.py:737} INFO - Searching for files in /opt/airflow/dags
[2026-02-13T11:57:57.012+0000] {manager.py:740} INFO - There are 0 files in /opt/airflow/dags
[2026-02-13T12:02:57.358+0000] {manager.py:737} INFO - Searching for files in /opt/airflow/dags
[2026-02-13T12:02:57.363+0000] {manager.py:740} INFO - There are 0 files in /opt/airflow/dags
[2026-02-13T12:07:57.568+0000] {manager.py:737} INFO - Searching for files in /opt/airflow/dags
[2026-02-13T12:07:57.571+0000] {manager.py:740} INFO - There are 0 files in /opt/airflow/dags
[2026-02-13T12:12:57.900+0000] {manager.py:737} INFO - Searching for files in /opt/airflow/dags
[2026-02-13T12:12:57.904+0000] {manager.py:740} INFO - There are 0 files in /opt/airflow/dags
[2026-02-13T12:17:58.713+0000] {manager.py:737} INFO - Searching for files in /opt/airflow/dags
[2026-02-13T12:17:58.717+0000] {manager.py:740} INFO - There are 0 files in /opt/airflow/dags
[2026-02-13T12:37:54.766+0000] {manager.py:737} INFO - Searching for files in /opt/airflow/dags
[2026-02-13T12:37:54.770+0000] {manager.py:740} INFO - There are 0 files in /opt/airflow/dags
[2026-02-13T12:42:55.082+0000] {manager.py:737} INFO - Searching for files in /opt/airflow/dags
[2026-02-13T12:42:55.087+0000] {manager.py:740} INFO - There are 0 files in /opt/airflow/dags
[2026-02-13T12:47:55.111+0000] {manager.py:737} INFO - Searching for files in /opt/airflow/dags
